sex_1	race_5	stratum_V	diag_59	body_part_77	location_4	diag_58	diag_42	diag_41	diag_47	diag_46	body_part_0	diag_65	diag_64	diag_49	diag_48	diag_61	diag_60	diag_63	diag_62	body_part_36	body_part_37	body_part_34	body_part_35	body_part_32	body_part_33	body_part_30	body_part_31	race_0	diag_69	race_2	race_3	race_4	body_part_38	diag_68	diag_50	body_part_82	body_part_76	diag_55	body_part_75	race_1	body_part_79	body_part_81	stratum_l	body_part_92	body_part_93	body_part_94	race_6	diag_67	location_2	diag_51	diag_52	diag_53	location_6	location_7	diag_56	stratum_c	diag_72	diag_73	location_8	diag_71	diag_74	stratum_v	stratum_s	location_0	body_part_89	diag_57	sex_0	sex_2	location_9	diag_66	body_part_83	location_5	stratum_m	body_part_80	body_part_87	body_part_85	body_part_84	diag_54	location_1	body_part_88
0	0	1.0	0	0	0	0	0	0	0	0	0	0	0	0	0	0	0	0	0	0	0	0	0	0	0	0	0	0	0	0	0	0	0	0	0	0	0	0	0	0	0	0	0	0	0	0	0	0	0	0	0	0	0	0	0	0	0	0	0	0	0	0	0	0	0	0	0	0	0	0	0	0	0	0	0	0	0	0	0	0
